     1                                  section .data
     2 00000000 7B                          bNum    db  123
     3 00000001 3930                        wNum    dw  12345
     4 00000003 D2029649                    dNum    dd  1234567890
     5 00000007 D20A1FEB8CA954AB            qNum1   dq  12345678901234567890
     6 0000000F 40E2010000000000            qNum2   dq  123456
     7 00000017 1F85EB51B81E0940            qNum3   dq  3.14
     8                                  section .bss
     9                                  section .text
    10                                      global main
    11                                  main:
    12 00000000 55                      push    rbp
    13 00000001 4889F5                  mov     rbp, rsi
    14 00000004 48C7C0FFFFFFFF                  mov     rax, -1             ;fill register rax 1 value
    15 0000000B 8A0425[00000000]                mov     al, byte [bNum]     ;hight bits of register do not free
    16 00000012 4831C0                          xor     rax, rax            ;free rax register
    17 00000015 8A0425[00000000]                mov     al, byte [bNum]     ;now rax contain bNum value
    18 0000001C 48C7C0FFFFFFFF                  mov     rax, -1             ;fill register rax 1 value
    19 00000023 668B0425[01000000]              mov     ax, word [wNum]     ;gight bits of register do not free
    20 0000002B 4831C0                          xor     rax, rax            ;free rax register
    21 0000002E 668B0425[01000000]              mov     ax, word [wNum]     ;now rax contain wNum value
    22 00000036 48C7C0FFFFFFFF                  mov     rax, -1             ;fill register rax 1 value
    23 0000003D 8B0425[03000000]                mov     eax, dword [dNum]   ;free hight bits of rax register
    24 00000044 48C7C0FFFFFFFF                  mov     rax, -1             ;fill register rax 1 value
    25 0000004B 488B0425[07000000]              mov     rax, qword [qNum1]  ;free hight bits of rax register
    26 00000053 48890425[0F000000]              mov     qword [qNum2], rax  ;
    27 0000005B B840E20100                      mov     rax, 123456
    28 00000060 F30F7E0425-                     movq    xmm0, [qNum3]
    28 00000065 [17000000]         
    29 00000069 4889EC                  mov rsp, rbp
    30 0000006C 5D                      pop rbp
    31 0000006D C3                      ret
    32                                      
