2026-08-09 13:08:08 [INFO] main.c:41 main Init glfw and create WINDOW
2026-08-09 13:08:08 [ERROR] shader.c:12 programCheckStatus Compile VERTEX shader error: 
2026-08-09 13:08:08 [ERROR] shader.c:60 programCreate programCreate failed
2026-08-09 13:08:08 [INFO] main.c:139 main Load textures
2026-08-09 13:08:47 [INFO] main.c:41 main Init glfw and create WINDOW
2026-08-09 13:08:50 [ERROR] shader.c:12 programCheckStatus Compile VERTEX shader error: 
2026-08-09 13:08:50 [ERROR] shader.c:60 programCreate programCreate failed
2026-08-09 13:08:57 [INFO] main.c:139 main Load textures
2026-08-09 13:09:40 [INFO] main.c:41 main Init glfw and create WINDOW
2026-08-09 13:09:45 [ERROR] shader.c:12 programCheckStatus Compile VERTEX shader error: 
2026-08-09 13:09:46 [ERROR] shader.c:60 programCreate programCreate failed
2026-08-09 13:09:58 [INFO] main.c:41 main Init glfw and create WINDOW
2026-08-09 13:10:01 [ERROR] shader.c:12 programCheckStatus Compile VERTEX shader error: 
2026-08-09 13:10:05 [ERROR] shader.c:60 programCreate programCreate failed
2026-08-09 13:10:11 [INFO] main.c:41 main Init glfw and create WINDOW
2026-08-09 13:10:59 [INFO] main.c:41 main Init glfw and create WINDOW
2026-08-09 13:10:59 [INFO] main.c:139 main Load textures
2026-08-09 13:10:59 [INFO] main.c:145 main Enter main loop
2026-08-09 13:11:11 [INFO] main.c:197 main Cleanup and end of OpenGL
2026-08-09 13:11:34 [INFO] main.c:41 main Init glfw and create WINDOW
2026-08-09 13:11:34 [INFO] main.c:139 main Load textures
2026-08-09 13:11:34 [INFO] main.c:145 main Enter main loop
2026-08-09 13:11:38 [INFO] main.c:197 main Cleanup and end of OpenGL
2026-08-09 13:11:42 [INFO] main.c:41 main Init glfw and create WINDOW
2026-08-09 13:11:42 [INFO] main.c:139 main Load textures
2026-08-09 13:11:42 [INFO] main.c:145 main Enter main loop
2026-08-09 13:11:52 [INFO] main.c:197 main Cleanup and end of OpenGL
2026-08-09 13:12:08 [INFO] main.c:41 main Init glfw and create WINDOW
2026-08-09 13:12:08 [INFO] main.c:139 main Load textures
2026-08-09 13:12:08 [INFO] main.c:145 main Enter main loop
2026-08-09 13:13:16 [INFO] main.c:197 main Cleanup and end of OpenGL
2026-08-09 13:14:28 [INFO] main.c:41 main Init glfw and create WINDOW
2026-08-09 13:14:28 [INFO] main.c:141 main Load textures
2026-08-09 13:14:28 [INFO] main.c:147 main Enter main loop
2026-08-09 13:14:38 [INFO] main.c:199 main Cleanup and end of OpenGL
2026-08-09 13:15:08 [INFO] main.c:41 main Init glfw and create WINDOW
2026-08-09 13:15:08 [INFO] main.c:141 main Load textures
2026-08-09 13:15:08 [INFO] main.c:147 main Enter main loop
2026-08-09 13:15:12 [INFO] main.c:199 main Cleanup and end of OpenGL
2026-08-09 13:16:08 [INFO] main.c:41 main Init glfw and create WINDOW
2026-08-09 13:16:08 [INFO] main.c:145 main Load textures
2026-08-09 13:16:08 [INFO] main.c:151 main Enter main loop
2026-08-09 13:57:25 [INFO] main.c:41 main Init glfw and create WINDOW
2026-08-09 13:57:25 [INFO] main.c:145 main Load textures
2026-08-09 13:57:25 [INFO] main.c:151 main Enter main loop
2026-08-09 13:57:34 [INFO] main.c:203 main Cleanup and end of OpenGL
