2026-07-31 19:56:07 [INFO] main.c:30 main initGlfw
2026-07-31 19:57:10 [INFO] main.c:30 main initGlfw
2026-07-31 19:57:10 [INFO] main.c:61 main Create and compile shaders
2026-07-31 19:57:10 [INFO] main.c:78 main Create textures
2026-07-31 19:57:10 [INFO] main.c:155 main Start main loop
2026-07-31 19:57:12 [INFO] main.c:210 main End
2026-07-31 19:58:33 [INFO] main.c:30 main initGlfw
2026-07-31 19:58:33 [INFO] main.c:61 main Create and compile shaders
2026-07-31 19:58:33 [INFO] main.c:78 main Create textures
2026-07-31 19:58:33 [INFO] main.c:155 main Start main loop
2026-07-31 19:58:40 [INFO] main.c:209 main End
2026-07-31 20:00:51 [INFO] main.c:30 main initGlfw
2026-07-31 20:00:51 [INFO] main.c:60 main Create and compile shaders
2026-07-31 20:00:51 [INFO] main.c:77 main Create textures
2026-07-31 20:00:51 [INFO] main.c:153 main Start main loop
2026-07-31 20:00:52 [INFO] main.c:207 main End
2026-07-31 20:02:04 [INFO] main.c:30 main initGlfw
2026-07-31 20:02:04 [INFO] main.c:60 main Create and compile shaders
2026-07-31 20:02:04 [INFO] main.c:77 main Create textures
2026-07-31 20:02:04 [INFO] main.c:153 main Start main loop
2026-07-31 20:02:05 [INFO] main.c:207 main End
2026-07-31 20:03:03 [INFO] main.c:30 main initGlfw
2026-07-31 20:03:40 [INFO] main.c:60 main Create and compile shaders
2026-07-31 20:03:45 [INFO] main.c:77 main Create textures
2026-07-31 20:04:08 [INFO] main.c:153 main Start main loop
2026-07-31 20:06:02 [INFO] main.c:30 main initGlfw
2026-07-31 20:06:03 [INFO] main.c:60 main Create and compile shaders
2026-07-31 20:06:03 [INFO] main.c:77 main Create textures
2026-07-31 20:06:03 [INFO] main.c:153 main Start main loop
2026-07-31 20:06:11 [INFO] main.c:207 main End
